###############################################################################
#
# IAR ELF Linker V7.20.5.7591/W32 for ARM                 09/Jan/2019  11:06:39
# Copyright 2007-2014 IAR Systems AB.
#
#    Output file  =  
#        C:\Users\Игорь\Documents\XCUBE\NRF24_RX\EWARM\NRF24RECIVER\Exe\NRF24RECIVER.out
#    Map file     =  
#        C:\Users\Игорь\Documents\XCUBE\NRF24_RX\EWARM\NRF24RECIVER/List\NRF24RECIVER.map
#    Command line =  
#        C:\Users\Игорь\Documents\XCUBE\NRF24_RX\EWARM\NRF24RECIVER\Obj\main.o
#        C:\Users\Игорь\Documents\XCUBE\NRF24_RX\EWARM\NRF24RECIVER\Obj\nrf24.o
#        C:\Users\Игорь\Documents\XCUBE\NRF24_RX\EWARM\NRF24RECIVER\Obj\startup_stm32l053xx.o
#        C:\Users\Игорь\Documents\XCUBE\NRF24_RX\EWARM\NRF24RECIVER\Obj\stm32l0xx_hal.o
#        C:\Users\Игорь\Documents\XCUBE\NRF24_RX\EWARM\NRF24RECIVER\Obj\stm32l0xx_hal_cortex.o
#        C:\Users\Игорь\Documents\XCUBE\NRF24_RX\EWARM\NRF24RECIVER\Obj\stm32l0xx_hal_dma.o
#        C:\Users\Игорь\Documents\XCUBE\NRF24_RX\EWARM\NRF24RECIVER\Obj\stm32l0xx_hal_flash.o
#        C:\Users\Игорь\Documents\XCUBE\NRF24_RX\EWARM\NRF24RECIVER\Obj\stm32l0xx_hal_flash_ex.o
#        C:\Users\Игорь\Documents\XCUBE\NRF24_RX\EWARM\NRF24RECIVER\Obj\stm32l0xx_hal_flash_ramfunc.o
#        C:\Users\Игорь\Documents\XCUBE\NRF24_RX\EWARM\NRF24RECIVER\Obj\stm32l0xx_hal_gpio.o
#        C:\Users\Игорь\Documents\XCUBE\NRF24_RX\EWARM\NRF24RECIVER\Obj\stm32l0xx_hal_i2c.o
#        C:\Users\Игорь\Documents\XCUBE\NRF24_RX\EWARM\NRF24RECIVER\Obj\stm32l0xx_hal_i2c_ex.o
#        C:\Users\Игорь\Documents\XCUBE\NRF24_RX\EWARM\NRF24RECIVER\Obj\stm32l0xx_hal_msp.o
#        C:\Users\Игорь\Documents\XCUBE\NRF24_RX\EWARM\NRF24RECIVER\Obj\stm32l0xx_hal_pwr.o
#        C:\Users\Игорь\Documents\XCUBE\NRF24_RX\EWARM\NRF24RECIVER\Obj\stm32l0xx_hal_pwr_ex.o
#        C:\Users\Игорь\Documents\XCUBE\NRF24_RX\EWARM\NRF24RECIVER\Obj\stm32l0xx_hal_rcc.o
#        C:\Users\Игорь\Documents\XCUBE\NRF24_RX\EWARM\NRF24RECIVER\Obj\stm32l0xx_hal_rcc_ex.o
#        C:\Users\Игорь\Documents\XCUBE\NRF24_RX\EWARM\NRF24RECIVER\Obj\stm32l0xx_hal_spi.o
#        C:\Users\Игорь\Documents\XCUBE\NRF24_RX\EWARM\NRF24RECIVER\Obj\stm32l0xx_hal_tim.o
#        C:\Users\Игорь\Documents\XCUBE\NRF24_RX\EWARM\NRF24RECIVER\Obj\stm32l0xx_hal_tim_ex.o
#        C:\Users\Игорь\Documents\XCUBE\NRF24_RX\EWARM\NRF24RECIVER\Obj\stm32l0xx_hal_uart.o
#        C:\Users\Игорь\Documents\XCUBE\NRF24_RX\EWARM\NRF24RECIVER\Obj\stm32l0xx_hal_uart_ex.o
#        C:\Users\Игорь\Documents\XCUBE\NRF24_RX\EWARM\NRF24RECIVER\Obj\stm32l0xx_it.o
#        C:\Users\Игорь\Documents\XCUBE\NRF24_RX\EWARM\NRF24RECIVER\Obj\system_stm32l0xx.o
#        --redirect _Printf=_PrintfFull --redirect _Scanf=_ScanfFull -o
#        C:\Users\Игорь\Documents\XCUBE\NRF24_RX\EWARM\NRF24RECIVER\Exe\NRF24RECIVER.out
#        --map
#        C:\Users\Игорь\Documents\XCUBE\NRF24_RX\EWARM\NRF24RECIVER/List\NRF24RECIVER.map
#        --config
#        C:\Users\Игорь\Documents\XCUBE\NRF24_RX\EWARM/stm32l053xx_flash.icf
#        --semihosting --entry __iar_program_start --vfe
#
###############################################################################

*******************************************************************************
*** RUNTIME MODEL ATTRIBUTES
***

CppFlavor                     = *
__Heap_Handler                = Basic
__SystemLibrary               = DLib
__dlib_dynamic_initialization = normal


*******************************************************************************
*** PLACEMENT SUMMARY
***

"A1":  place at 0x08000000 { ro section .intvec };
"P1":  place in [from 0x08000000 to 0x0800ffff] { ro };
"P2":  place in [from 0x20000000 to 0x20001fff] { rw, block CSTACK, block HEAP };

  Section             Kind        Address    Size  Object
  -------             ----        -------    ----  ------
"A1":                                        0xc0
  .intvec             ro code  0x08000000    0xc0  startup_stm32l053xx.o [1]
                             - 0x080000c0    0xc0

"P1":                                      0x49d6
  .text               ro code  0x080000c0  0x12c2  xprintffull.o [3]
  .text               ro code  0x08001382    0x1c  xmbtowc.o [3]
  .text               ro code  0x0800139e    0x14  strchr.o [5]
  .text               ro code  0x080013b2    0x10  strlen.o [5]
  .text               ro code  0x080013c2    0x18  memchr.o [5]
  .text               ro code  0x080013da     0xa  xmbcurmax.o [3]
  .text               ro code  0x080013e4    0xb8  xxmemxmalloc.o [3]
  .text               ro code  0x0800149c    0x18  xwctomb.o [3]
  .text               ro code  0x080014b4    0x5c  ABImemcpy.o [5]
  .text               ro code  0x08001510    0x88  xxmemxfree.o [3]
  .text               ro code  0x08001598    0x6a  I64DivMod.o [5]
  .text               ro code  0x08001602    0x44  xdnorm.o [4]
  .text               ro code  0x08001646    0x32  DblCmpLe.o [4]
  .text               ro code  0x08001678    0x32  DblCmpGe.o [4]
  .text               ro code  0x080016aa    0x2a  zero_init3.o [5]
  .text               ro code  0x080016d4   0x11c  xdscale.o [4]
  .text               ro code  0x080017f0    0x52  DblToI32.o [4]
  .text               ro code  0x08001842     0xa  xsprout.o [3]
  .text               ro code  0x0800184c    0x34  I32ToDbl.o [4]
  .text               ro code  0x08001880   0x1a8  DblAddSub.o [4]
  .text               ro code  0x08001a28    0xe0  I32DivModFast.o [5]
  .text               ro code  0x08001b08   0x184  DblMul.o [4]
  .text               ro code  0x08001c8c    0xc2  DblDiv.o [4]
  .text               ro code  0x08001d4e     0x2  startup_stm32l053xx.o [1]
  .text               ro code  0x08001d50    0x68  localeconv.o [3]
  .text               ro code  0x08001db8    0x20  div.o [3]
  .text               ro code  0x08001dd8    0x14  setlocale.o [3]
  .text               ro code  0x08001dec    0x50  xencoding_sb.o [3]
  .text               ro code  0x08001e3c    0x2c  xgetmemchunk.o [3]
  .text               ro code  0x08001e68     0x2  I64DivZer.o [5]
  .text               ro code  0x08001e6a     0x2  startup_stm32l053xx.o [1]
  .text               ro code  0x08001e6c     0x2  IntDivZer.o [5]
  .text               ro code  0x08001e6e     0x2  xtls.o [3]
  .text               ro code  0x08001e70   0x948  stm32l0xx_hal_rcc.o [1]
  .text               ro code  0x080027b8    0x78  stm32l0xx_hal.o [1]
  .text               ro code  0x08002830   0x120  stm32l0xx_hal_msp.o [1]
  .text               ro code  0x08002950   0x108  stm32l0xx_hal_cortex.o [1]
  .text               ro code  0x08002a58   0x224  stm32l0xx_hal_gpio.o [1]
  .text               ro code  0x08002c7c   0x944  stm32l0xx_hal_spi.o [1]
  .text               ro code  0x080035c0   0x6a8  stm32l0xx_hal_uart.o [1]
  .text               ro code  0x08003c68   0x4bc  stm32l0xx_hal_rcc_ex.o [1]
  .text               ro code  0x08004124    0x32  I64Mul.o [5]
  .text               ro code  0x08004156     0x2  startup_stm32l053xx.o [1]
  .text               ro code  0x08004158   0x3c8  nrf24.o [1]
  .text               ro code  0x08004520    0x38  sprintf.o [3]
  .text               ro code  0x08004558   0x238  main.o [1]
  .text               ro code  0x08004790    0xd8  packbits_init.o [5]
  .text               ro code  0x08004868     0xa  abort.o [3]
  .text               ro code  0x08004872     0x2  startup_stm32l053xx.o [1]
  .text               ro code  0x08004874    0x14  exit.o [6]
  .text               ro code  0x08004888    0x80  system_stm32l0xx.o [1]
  .rodata             const    0x08004908    0x34  main.o [1]
  .rodata             const    0x0800493c    0x28  xprintffull.o [3]
  .text               ro code  0x08004964    0x28  data_init.o [5]
  .iar.init_table     const    0x0800498c    0x2c  - Linker created -
  .text               ro code  0x080049b8    0x1a  cmain.o [5]
  .text               ro code  0x080049d2     0x4  low_level_init.o [3]
  .text               ro code  0x080049d6     0x8  exit.o [3]
  .text               ro code  0x080049de     0x2  startup_stm32l053xx.o [1]
  .text               ro code  0x080049e0     0xa  cexit.o [5]
  .text               ro code  0x080049ea     0x2  startup_stm32l053xx.o [1]
  .rodata             const    0x080049ec    0x14  nrf24.o [1]
  .rodata             const    0x08004a00    0x10  system_stm32l0xx.o [1]
  .text               ro code  0x08004a10    0x10  startup_stm32l053xx.o [1]
  .rodata             const    0x08004a20     0xc  system_stm32l0xx.o [1]
  .text               ro code  0x08004a2c     0xc  stm32l0xx_it.o [1]
  .text               ro code  0x08004a38     0xc  cstartup_M.o [5]
  .rodata             const    0x08004a44     0x8  system_stm32l0xx.o [1]
  .text               ro code  0x08004a4c     0x2  startup_stm32l053xx.o [1]
  .text               ro code  0x08004a4e     0x2  startup_stm32l053xx.o [1]
  .text               ro code  0x08004a50     0x2  startup_stm32l053xx.o [1]
  .text               ro code  0x08004a52     0x2  startup_stm32l053xx.o [1]
  .text               ro code  0x08004a54     0x2  startup_stm32l053xx.o [1]
  .text               ro code  0x08004a56     0x2  startup_stm32l053xx.o [1]
  .text               ro code  0x08004a58     0x2  startup_stm32l053xx.o [1]
  .text               ro code  0x08004a5a     0x2  startup_stm32l053xx.o [1]
  .text               ro code  0x08004a5c     0x2  startup_stm32l053xx.o [1]
  .text               ro code  0x08004a5e     0x2  startup_stm32l053xx.o [1]
  .text               ro code  0x08004a60     0x2  startup_stm32l053xx.o [1]
  .text               ro code  0x08004a62     0x2  startup_stm32l053xx.o [1]
  .text               ro code  0x08004a64     0x2  startup_stm32l053xx.o [1]
  .text               ro code  0x08004a66     0x2  startup_stm32l053xx.o [1]
  .text               ro code  0x08004a68     0x2  startup_stm32l053xx.o [1]
  .text               ro code  0x08004a6a     0x2  startup_stm32l053xx.o [1]
  .text               ro code  0x08004a6c     0x2  startup_stm32l053xx.o [1]
  .text               ro code  0x08004a6e     0x2  startup_stm32l053xx.o [1]
  .text               ro code  0x08004a70     0x2  startup_stm32l053xx.o [1]
  .text               ro code  0x08004a72     0x2  startup_stm32l053xx.o [1]
  .text               ro code  0x08004a74     0x2  startup_stm32l053xx.o [1]
  .text               ro code  0x08004a76     0x2  startup_stm32l053xx.o [1]
  .text               ro code  0x08004a78     0x2  startup_stm32l053xx.o [1]
  .text               ro code  0x08004a7a     0x2  startup_stm32l053xx.o [1]
  .text               ro code  0x08004a7c     0x2  startup_stm32l053xx.o [1]
  .rodata             const    0x08004a7e     0x1  nrf24.o [1]
  .rodata             const    0x08004a7f     0x1  nrf24.o [1]
  .rodata             const    0x08004a80     0x1  nrf24.o [1]
  .rodata             const    0x08004a81     0x0  zero_init3.o [5]
  .rodata             const    0x08004a81     0x0  packbits_init.o [5]
  Initializer bytes   ro data  0x08004a81    0x15  <for P2 s0>
                             - 0x08004a96  0x49d6

"P2":                                       0x8f0
  P2 s0                        0x20000000   0x104  <Init block>
    __DLIB_PERTHREAD  inited   0x20000000    0x88  localeconv.o [3]
    __DLIB_PERTHREAD  inited   0x20000088    0x74  setlocale.o [3]
    .data             inited   0x200000fc     0x4  nrf24.o [1]
    .data             inited   0x20000100     0x4  system_stm32l0xx.o [1]
  .bss                zero     0x20000104    0x98  nrf24.o [1]
  .bss                zero     0x2000019c    0x70  main.o [1]
  .bss                zero     0x2000020c    0x70  main.o [1]
  .bss                zero     0x2000027c    0x58  main.o [1]
  .bss                zero     0x200002d4     0x8  nrf24.o [1]
  .bss                zero     0x200002dc     0x8  xxmemxmalloc.o [3]
  .bss                zero     0x200002e4     0x4  stm32l0xx_hal.o [1]
  .bss                zero     0x200002e8     0x4  xgetmemchunk.o [3]
  CSTACK                       0x200002f0   0x400  <Block>
    CSTACK            uninit   0x200002f0   0x400  <Block tail>
  HEAP                         0x200006f0   0x200  <Block>
    HEAP              uninit   0x200006f0   0x200  <Block tail>
                             - 0x200008f0   0x8f0


*******************************************************************************
*** INIT TABLE
***

          Address     Size
          -------     ----
Zero (__iar_zero_init3)
    1 destination range, total size 0x1e8:
          0x20000104  0x1e8

Copy/packbits (__iar_packbits_init3)
    1 source range, total size 0x15 (8% of destination):
          0x08004a81   0x15
    1 destination range, total size 0x104:
          0x20000000  0x104



*******************************************************************************
*** MODULE SUMMARY
***

    Module                  ro code  ro data  rw data
    ------                  -------  -------  -------
C:\Users\Игорь\Documents\XCUBE\NRF24_RX\EWARM\NRF24RECIVER\Obj: [1]
    main.o                      568       52      312
    nrf24.o                     968       23      164
    startup_stm32l053xx.o       270
    stm32l0xx_hal.o             120                 4
    stm32l0xx_hal_cortex.o      264
    stm32l0xx_hal_gpio.o        548
    stm32l0xx_hal_msp.o         288
    stm32l0xx_hal_rcc.o       2 376
    stm32l0xx_hal_rcc_ex.o    1 212
    stm32l0xx_hal_spi.o       2 372
    stm32l0xx_hal_uart.o      1 704
    stm32l0xx_it.o               12
    system_stm32l0xx.o          128       37        4
    -------------------------------------------------
    Total:                   10 830      112      484

command line: [2]
    -------------------------------------------------
    Total:

dl6M_tlf.a: [3]
    abort.o                      10
    div.o                        32
    exit.o                        8
    localeconv.o                104       10      136
    low_level_init.o              4
    setlocale.o                  20       10      116
    sprintf.o                    56
    xencoding_sb.o               80
    xgetmemchunk.o               44                 4
    xmbcurmax.o                  10
    xmbtowc.o                    28
    xprintffull.o             4 802       40
    xsprout.o                    10
    xtls.o                        2
    xwctomb.o                    24
    xxmemxfree.o                136
    xxmemxmalloc.o              184                 8
    -------------------------------------------------
    Total:                    5 554       60      264

m6M_tl.a: [4]
    DblAddSub.o                 424
    DblCmpGe.o                   50
    DblCmpLe.o                   50
    DblDiv.o                    194
    DblMul.o                    388
    DblToI32.o                   82
    I32ToDbl.o                   52
    xdnorm.o                     68
    xdscale.o                   284
    -------------------------------------------------
    Total:                    1 592

rt6M_tl.a: [5]
    ABImemcpy.o                  92
    I32DivModFast.o             224
    I64DivMod.o                 106
    I64DivZer.o                   2
    I64Mul.o                     50
    IntDivZer.o                   2
    cexit.o                      10
    cmain.o                      26
    cstartup_M.o                 12
    data_init.o                  40
    memchr.o                     24
    packbits_init.o             216
    strchr.o                     20
    strlen.o                     16
    zero_init3.o                 42
    -------------------------------------------------
    Total:                      882

shb_l.a: [6]
    exit.o                       20
    -------------------------------------------------
    Total:                       20

    Linker created                        44    1 536
-----------------------------------------------------
    Grand Total:             18 878      216    2 284


*******************************************************************************
*** ENTRY LIST
***

Entry                      Address   Size  Type      Object
-----                      -------   ----  ----      ------
?main                   0x080049b9         Code  Gb  cmain.o [5]
AHBPrescTable           0x08004a00   0x10  Data  Gb  system_stm32l0xx.o [1]
APBPrescTable           0x08004a44    0x8  Data  Gb  system_stm32l0xx.o [1]
CSTACK$$Base            0x200002f0          --   Gb  - Linker created -
CSTACK$$Limit           0x200006f0          --   Gb  - Linker created -
DelayMicro              0x08004159   0x24  Code  Gb  nrf24.o [1]
HAL_Delay               0x0800280b   0x1a  Code  Wk  stm32l0xx_hal.o [1]
HAL_GPIO_Init           0x08002a59  0x1c6  Code  Gb  stm32l0xx_hal_gpio.o [1]
HAL_GPIO_ReadPin        0x08002c35   0x16  Code  Gb  stm32l0xx_hal_gpio.o [1]
HAL_GPIO_TogglePin      0x08002c5f    0xa  Code  Gb  stm32l0xx_hal_gpio.o [1]
HAL_GPIO_WritePin       0x08002c4b   0x14  Code  Gb  stm32l0xx_hal_gpio.o [1]
HAL_GetTick             0x08002805    0x6  Code  Wk  stm32l0xx_hal.o [1]
HAL_IncTick             0x080027f9    0xc  Code  Wk  stm32l0xx_hal.o [1]
HAL_Init                0x080027b9   0x1c  Code  Gb  stm32l0xx_hal.o [1]
HAL_InitTick            0x080027d5   0x24  Code  Wk  stm32l0xx_hal.o [1]
HAL_MspInit             0x08002831   0x42  Code  Gb  stm32l0xx_hal_msp.o [1]
HAL_NVIC_SetPriority    0x08002a07    0xa  Code  Gb  stm32l0xx_hal_cortex.o [1]
HAL_RCCEx_GetPeriphCLKFreq
                        0x08003e95  0x252  Code  Gb  stm32l0xx_hal_rcc_ex.o [1]
HAL_RCCEx_PeriphCLKConfig
                        0x08003c69  0x1f4  Code  Gb  stm32l0xx_hal_rcc_ex.o [1]
HAL_RCC_ClockConfig     0x08002451  0x1aa  Code  Gb  stm32l0xx_hal_rcc.o [1]
HAL_RCC_GetHCLKFreq     0x080026b9    0x6  Code  Gb  stm32l0xx_hal_rcc.o [1]
HAL_RCC_GetPCLK1Freq    0x080026bf   0x18  Code  Gb  stm32l0xx_hal_rcc.o [1]
HAL_RCC_GetPCLK2Freq    0x080026d7   0x18  Code  Gb  stm32l0xx_hal_rcc.o [1]
HAL_RCC_GetSysClockFreq
                        0x08002615   0xa0  Code  Gb  stm32l0xx_hal_rcc.o [1]
HAL_RCC_OscConfig       0x08001e71  0x5ba  Code  Gb  stm32l0xx_hal_rcc.o [1]
HAL_SPI_Init            0x08002c7d   0x8e  Code  Gb  stm32l0xx_hal_spi.o [1]
HAL_SPI_MspInit         0x08002873   0x56  Code  Gb  stm32l0xx_hal_msp.o [1]
HAL_SPI_Receive         0x08002ef1  0x250  Code  Gb  stm32l0xx_hal_spi.o [1]
HAL_SPI_Transmit        0x08002d0b  0x1dc  Code  Gb  stm32l0xx_hal_spi.o [1]
HAL_SPI_TransmitReceive
                        0x08003149  0x372  Code  Gb  stm32l0xx_hal_spi.o [1]
HAL_SYSTICK_CLKSourceConfig
                        0x08002a19   0x22  Code  Gb  stm32l0xx_hal_cortex.o [1]
HAL_SYSTICK_Callback    0x08002a43    0x2  Code  Wk  stm32l0xx_hal_cortex.o [1]
HAL_SYSTICK_Config      0x08002a11    0x8  Code  Gb  stm32l0xx_hal_cortex.o [1]
HAL_SYSTICK_IRQHandler  0x08002a3b    0x8  Code  Gb  stm32l0xx_hal_cortex.o [1]
HAL_UART_Init           0x080035c1   0x7e  Code  Gb  stm32l0xx_hal_uart.o [1]
HAL_UART_MspInit        0x080028c9   0x70  Code  Gb  stm32l0xx_hal_msp.o [1]
HAL_UART_Transmit       0x08003645   0xe4  Code  Gb  stm32l0xx_hal_uart.o [1]
HEAP$$Base              0x200006f0          --   Gb  - Linker created -
HEAP$$Limit             0x200008f0          --   Gb  - Linker created -
InStream_Read           0x08004791   0x22  Code  Lc  packbits_init.o [5]
LoadInt                 0x08000721   0x68  Code  Lc  xprintffull.o [3]
MX_GPIO_Init            0x080046e1   0x94  Code  Lc  main.o [1]
MX_SPI1_Init            0x08004629   0x62  Code  Lc  main.o [1]
MX_USART1_UART_Init     0x0800468b   0x56  Code  Lc  main.o [1]
NRF24L01_RX_Mode        0x08004389   0x3a  Code  Gb  nrf24.o [1]
NRF24L01_Receive        0x080043d5   0x88  Code  Gb  nrf24.o [1]
NRF24_FlushRX           0x08004311   0x3c  Code  Gb  nrf24.o [1]
NRF24_FlushTX           0x0800434d   0x3c  Code  Gb  nrf24.o [1]
NRF24_ReadReg           0x0800417d   0x60  Code  Gb  nrf24.o [1]
NRF24_Read_Buf          0x08004277   0x44  Code  Gb  nrf24.o [1]
NRF24_ToggleFeatures    0x08004227   0x50  Code  Gb  nrf24.o [1]
NRF24_WriteReg          0x080041dd   0x4a  Code  Gb  nrf24.o [1]
NRF24_Write_Buf         0x080042bb   0x56  Code  Gb  nrf24.o [1]
NRF24_init              0x0800445d   0x9e  Code  Gb  nrf24.o [1]
NVIC_SetPriority        0x08002951   0x86  Code  Lc  stm32l0xx_hal_cortex.o [1]
PLLMulTable             0x08004a20    0xc  Data  Gb  system_stm32l0xx.o [1]
RCC_SetFlashLatencyFromMSIRange
                        0x08002709   0x80  Code  Lc  stm32l0xx_hal_rcc.o [1]
RX_BUF                  0x200002d4    0x8  Data  Gb  nrf24.o [1]
Region$$Table$$Base     0x0800498c          --   Gb  - Linker created -
Region$$Table$$Limit    0x080049b8          --   Gb  - Linker created -
SPI_WaitOnFlagUntilTimeout
                        0x080034c1   0xfa  Code  Lc  stm32l0xx_hal_spi.o [1]
SysTick_Config          0x080029d7   0x30  Code  Lc  stm32l0xx_hal_cortex.o [1]
SysTick_Handler         0x08004a2d    0xc  Code  Gb  stm32l0xx_it.o [1]
SystemClock_Config      0x08004587   0xa2  Code  Gb  main.o [1]
SystemCoreClock         0x20000100    0x4  Data  Gb  system_stm32l0xx.o [1]
SystemInit              0x08004889   0x5a  Code  Gb  system_stm32l0xx.o [1]
TX_ADDRESS              0x200000fc    0x4  Data  Gb  nrf24.o [1]
UART_AdvFeatureConfig   0x08003a6d   0xde  Code  Gb  stm32l0xx_hal_uart.o [1]
UART_CheckIdleState     0x08003b59   0x6a  Code  Gb  stm32l0xx_hal_uart.o [1]
UART_SetConfig          0x08003729  0x334  Code  Gb  stm32l0xx_hal_uart.o [1]
UART_WaitOnFlagUntilTimeout
                        0x08003bc9   0x6a  Code  Gb  stm32l0xx_hal_uart.o [1]
_EncodingSb_Mbtowc      0x08001e01   0x2c  Code  Gb  xencoding_sb.o [3]
_EncodingSb_Wctomb      0x08001ded   0x14  Code  Gb  xencoding_sb.o [3]
_Error_Handler          0x0800478d    0x4  Code  Gb  main.o [1]
_GenldFull              0x08001079  0x2d6  Code  Lc  xprintffull.o [3]
_IsdstStr               0x2000008c    0x4  Data  Gb  setlocale.o [3]
_LdtobFull              0x08000bf1  0x474  Code  Lc  xprintffull.o [3]
_LitobFull              0x08000abd  0x12e  Code  Lc  xprintffull.o [3]
_LocaleEncoding         0x08001dd9    0xc  Code  Gb  setlocale.o [3]
_LocaleReturnString     0x200000ac   0x50  Data  Lc  setlocale.o [3]
_Locale_Profile         0x20000090   0x1c  Data  Gb  setlocale.o [3]
_Locale_aeabi_lconv     0x20000050   0x38  Data  Gb  localeconv.o [3]
_Locale_lconv           0x20000000   0x50  Data  Gb  localeconv.o [3]
_Mbtowc                 0x08001383   0x1c  Code  Gb  xmbtowc.o [3]
_PrintfFull             0x080000c1  0x660  Code  Gb  xprintffull.o [3]
_PutcharsFull           0x08001353   0x30  Code  Lc  xprintffull.o [3]
_PutstrFull             0x08000789  0x334  Code  Lc  xprintffull.o [3]
_SProut                 0x08001843    0xa  Code  Gb  xsprout.o [3]
_TzoneStr               0x20000088    0x4  Data  Gb  setlocale.o [3]
_Wctomb                 0x0800149d   0x18  Code  Gb  xwctomb.o [3]
__aeabi_cdcmple         0x08001647         Code  Gb  DblCmpLe.o [4]
__aeabi_cdrcmple        0x08001679         Code  Gb  DblCmpGe.o [4]
__aeabi_d2iz            0x080017f1         Code  Gb  DblToI32.o [4]
__aeabi_d2uiz           0x08001815         Code  Gb  DblToI32.o [4]
__aeabi_ddiv            0x08001c8d         Code  Gb  DblDiv.o [4]
__aeabi_dmul            0x08001b09         Code  Gb  DblMul.o [4]
__aeabi_dsub            0x0800193b         Code  Gb  DblAddSub.o [4]
__aeabi_i2d             0x0800184d         Code  Gb  I32ToDbl.o [4]
__aeabi_idiv            0x08001a55         Code  Gb  I32DivModFast.o [5]
__aeabi_idiv0           0x08001e6d         Code  Gb  IntDivZer.o [5]
__aeabi_idivmod         0x08001a55         Code  Gb  I32DivModFast.o [5]
__aeabi_ldiv0           0x08001e69         Code  Gb  I64DivZer.o [5]
__aeabi_lmul            0x08004125         Code  Gb  I64Mul.o [5]
__aeabi_memcpy          0x080014b5         Code  Gb  ABImemcpy.o [5]
__aeabi_ui2d            0x08001861         Code  Gb  I32ToDbl.o [4]
__aeabi_uidiv           0x08001a5b         Code  Gb  I32DivModFast.o [5]
__aeabi_uidivmod        0x08001a5b         Code  Gb  I32DivModFast.o [5]
__aeabi_uldivmod        0x08001599         Code  Gb  I64DivMod.o [5]
__as_entries_start      0xffffffff          --   Gb  command line/config [2]
__as_table_start        0xffffffff          --   Gb  command line/config [2]
__cmain                 0x080049b9         Code  Gb  cmain.o [5]
__data_Aldata           0x200002dc    0x8  Data  Gb  xxmemxmalloc.o [3]
__data_GetMemChunk      0x08001e3d   0x2c  Code  Gb  xgetmemchunk.o [3]
__exit                  0x08004875   0x14  Code  Gb  exit.o [6]
__iar_Dnorm             0x08001603   0x44  Code  Gb  xdnorm.o [4]
__iar_Dscale            0x080016d5  0x11c  Code  Gb  xdscale.o [4]
__iar_Locale_lconv_init
                        0x08001d51   0x32  Code  Gb  localeconv.o [3]
__iar_Mbcurmax          0x080013db    0xa  Code  Gb  xmbcurmax.o [3]
__iar_Memchr            0x080013c3   0x18  Code  Gb  memchr.o [5]
__iar_Strchr            0x0800139f   0x14  Code  Gb  strchr.o [5]
__iar_d2uiz             0x08001819         Code  Gb  DblToI32.o [4]
__iar_data_init3        0x08004965   0x28  Code  Gb  data_init.o [5]
__iar_dlib_perthread_access
                        0x08001e6f    0x2  Code  Gb  xtls.o [3]
__iar_packbits_init3    0x080047b3   0xb6  Code  Gb  packbits_init.o [5]
__iar_program_start     0x08004a39         Code  Gb  cstartup_M.o [5]
__iar_ui2d              0x08001865         Code  Gb  I32ToDbl.o [4]
__iar_zero_init3        0x080016ab   0x2a  Code  Gb  zero_init3.o [5]
__low_level_init        0x080049d3    0x4  Code  Gb  low_level_init.o [3]
__vector_table          0x08000000         Data  Gb  startup_stm32l053xx.o [1]
_call_main              0x080049c5         Code  Gb  cmain.o [5]
_exit                   0x080049e1         Code  Gb  cexit.o [5]
_main                   0x080049cf         Code  Gb  cmain.o [5]
abort                   0x08004869    0xa  Code  Gb  abort.o [3]
div                     0x08001db9   0x20  Code  Gb  div.o [3]
exit                    0x080049d7    0x8  Code  Gb  exit.o [3]
free                    0x08001511   0x82  Code  Gb  xxmemxfree.o [3]
hspi1                   0x2000027c   0x58  Data  Gb  main.o [1]
huart1                  0x2000019c   0x70  Data  Gb  main.o [1]
huart2                  0x2000020c   0x70  Data  Gb  main.o [1]
localeconv              0x08001d83   0x18  Code  Gb  localeconv.o [3]
main                    0x08004559   0x2e  Code  Gb  main.o [1]
malloc                  0x080013e5   0xb2  Code  Gb  xxmemxmalloc.o [3]
sprintf                 0x08004521   0x38  Code  Gb  sprintf.o [3]
str1                    0x20000104   0x98  Data  Gb  nrf24.o [1]
strlen                  0x080013b3   0x10  Code  Gb  strlen.o [5]
uwTick                  0x200002e4    0x4  Data  Gb  stm32l0xx_hal.o [1]


[1] = C:\Users\Игорь\Documents\XCUBE\NRF24_RX\EWARM\NRF24RECIVER\Obj
[2] = command line
[3] = dl6M_tlf.a
[4] = m6M_tl.a
[5] = rt6M_tl.a
[6] = shb_l.a

  18 878 bytes of readonly  code memory
     216 bytes of readonly  data memory
   2 284 bytes of readwrite data memory

Errors: none
Warnings: none
