###############################################################################
#
# IAR ELF Linker V7.20.5.7591/W32 for ARM                 09/Jan/2019  11:00:44
# Copyright 2007-2014 IAR Systems AB.
#
#    Output file  =  
#        C:\Users\Игорь\Documents\XCUBE\NRF24_TX\EWARM\NRF24\Exe\NRF24.out
#    Map file     =  
#        C:\Users\Игорь\Documents\XCUBE\NRF24_TX\EWARM\NRF24/List\NRF24.map
#    Command line =  
#        C:\Users\Игорь\Documents\XCUBE\NRF24_TX\EWARM\NRF24\Obj\gpio.o
#        C:\Users\Игорь\Documents\XCUBE\NRF24_TX\EWARM\NRF24\Obj\main.o
#        C:\Users\Игорь\Documents\XCUBE\NRF24_TX\EWARM\NRF24\Obj\nrf24.o
#        C:\Users\Игорь\Documents\XCUBE\NRF24_TX\EWARM\NRF24\Obj\spi.o
#        C:\Users\Игорь\Documents\XCUBE\NRF24_TX\EWARM\NRF24\Obj\startup_stm32f100xb.o
#        C:\Users\Игорь\Documents\XCUBE\NRF24_TX\EWARM\NRF24\Obj\stm32f1xx_hal.o
#        C:\Users\Игорь\Documents\XCUBE\NRF24_TX\EWARM\NRF24\Obj\stm32f1xx_hal_adc.o
#        C:\Users\Игорь\Documents\XCUBE\NRF24_TX\EWARM\NRF24\Obj\stm32f1xx_hal_adc_ex.o
#        C:\Users\Игорь\Documents\XCUBE\NRF24_TX\EWARM\NRF24\Obj\stm32f1xx_hal_cortex.o
#        C:\Users\Игорь\Documents\XCUBE\NRF24_TX\EWARM\NRF24\Obj\stm32f1xx_hal_dma.o
#        C:\Users\Игорь\Documents\XCUBE\NRF24_TX\EWARM\NRF24\Obj\stm32f1xx_hal_flash.o
#        C:\Users\Игорь\Documents\XCUBE\NRF24_TX\EWARM\NRF24\Obj\stm32f1xx_hal_flash_ex.o
#        C:\Users\Игорь\Documents\XCUBE\NRF24_TX\EWARM\NRF24\Obj\stm32f1xx_hal_gpio.o
#        C:\Users\Игорь\Documents\XCUBE\NRF24_TX\EWARM\NRF24\Obj\stm32f1xx_hal_gpio_ex.o
#        C:\Users\Игорь\Documents\XCUBE\NRF24_TX\EWARM\NRF24\Obj\stm32f1xx_hal_msp.o
#        C:\Users\Игорь\Documents\XCUBE\NRF24_TX\EWARM\NRF24\Obj\stm32f1xx_hal_pwr.o
#        C:\Users\Игорь\Documents\XCUBE\NRF24_TX\EWARM\NRF24\Obj\stm32f1xx_hal_rcc.o
#        C:\Users\Игорь\Documents\XCUBE\NRF24_TX\EWARM\NRF24\Obj\stm32f1xx_hal_rcc_ex.o
#        C:\Users\Игорь\Documents\XCUBE\NRF24_TX\EWARM\NRF24\Obj\stm32f1xx_hal_spi.o
#        C:\Users\Игорь\Documents\XCUBE\NRF24_TX\EWARM\NRF24\Obj\stm32f1xx_hal_spi_ex.o
#        C:\Users\Игорь\Documents\XCUBE\NRF24_TX\EWARM\NRF24\Obj\stm32f1xx_hal_tim.o
#        C:\Users\Игорь\Documents\XCUBE\NRF24_TX\EWARM\NRF24\Obj\stm32f1xx_hal_tim_ex.o
#        C:\Users\Игорь\Documents\XCUBE\NRF24_TX\EWARM\NRF24\Obj\stm32f1xx_hal_uart.o
#        C:\Users\Игорь\Documents\XCUBE\NRF24_TX\EWARM\NRF24\Obj\stm32f1xx_it.o
#        C:\Users\Игорь\Documents\XCUBE\NRF24_TX\EWARM\NRF24\Obj\system_stm32f1xx.o
#        C:\Users\Игорь\Documents\XCUBE\NRF24_TX\EWARM\NRF24\Obj\usart.o
#        --redirect _Printf=_PrintfFull --redirect _Scanf=_ScanfFull -o
#        C:\Users\Игорь\Documents\XCUBE\NRF24_TX\EWARM\NRF24\Exe\NRF24.out
#        --map
#        C:\Users\Игорь\Documents\XCUBE\NRF24_TX\EWARM\NRF24/List\NRF24.map
#        --config
#        C:\Users\Игорь\Documents\XCUBE\NRF24_TX\EWARM/stm32f100xb_flash.icf
#        --semihosting --entry __iar_program_start --vfe
#
###############################################################################

*******************************************************************************
*** RUNTIME MODEL ATTRIBUTES
***

CppFlavor       = *
__SystemLibrary = DLib


*******************************************************************************
*** PLACEMENT SUMMARY
***

"A1":  place at 0x08000000 { ro section .intvec };
"P1":  place in [from 0x08000000 to 0x0801ffff] { ro };
"P2":  place in [from 0x20000000 to 0x20001fff] { rw, block CSTACK, block HEAP };

  Section            Kind        Address    Size  Object
  -------            ----        -------    ----  ------
"A1":                                      0x120
  .intvec            ro code  0x08000000   0x120  startup_stm32f100xb.o [1]
                            - 0x08000120   0x120

"P1":                                     0x2af0
  .text              ro code  0x08000120   0x678  stm32f1xx_hal_rcc.o [1]
  .text              ro code  0x08000798    0xa0  stm32f1xx_hal.o [1]
  .text              ro code  0x08000838    0x56  ABImemcpy_unaligned.o [5]
  .text              ro code  0x0800088e    0x2e  copy_init3.o [5]
  .text              ro code  0x080008bc   0x132  stm32f1xx_hal_cortex.o [1]
  .text              ro code  0x080009ee    0x22  zero_init3.o [5]
  .text              ro code  0x08000a10   0x11c  stm32f1xx_hal_msp.o [1]
  .text              ro code  0x08000b2c   0x224  stm32f1xx_hal_gpio.o [1]
  .text              ro code  0x08000d50   0x12c  stm32f1xx_hal_dma.o [1]
  .text              ro code  0x08000e7c   0x4ae  stm32f1xx_hal_adc.o [1]
  .rodata            const    0x0800132a     0x1  nrf24.o [1]
  .rodata            const    0x0800132b     0x1  nrf24.o [1]
  .text              ro code  0x0800132c   0x480  stm32f1xx_hal_spi.o [1]
  .text              ro code  0x080017ac   0x3f0  nrf24.o [1]
  .text              ro code  0x08001b9c   0x380  stm32f1xx_hal_uart.o [1]
  .text              ro code  0x08001f1c    0xb0  usart.o [1]
  .text              ro code  0x08001fcc   0x28e  main.o [1]
  .rodata            const    0x0800225a     0x1  nrf24.o [1]
  .text              ro code  0x0800225c    0xc4  gpio.o [1]
  .text              ro code  0x08002320    0xc8  spi.o [1]
  .text              ro code  0x080023e8    0xf0  stm32f1xx_hal_adc_ex.o [1]
  .text              ro code  0x080024d8    0x2c  I32ToDbl.o [4]
  .text              ro code  0x08002504    0xe8  DblAdd.o [4]
  .text              ro code  0x080025ec    0x4c  DblToI32.o [4]
  .text              ro code  0x08002638    0x7e  stm32f1xx_hal_spi_ex.o [1]
  .text              ro code  0x080026b8    0x84  stm32f1xx_hal_rcc_ex.o [1]
  .text              ro code  0x0800273c   0x16c  DblSub.o [4]
  .text              ro code  0x080028a8    0x70  system_stm32f1xx.o [1]
  .rodata            const    0x08002918    0x34  main.o [1]
  .rodata            const    0x0800294c    0x34  spi.o [1]
  .rodata            const    0x08002980    0x34  usart.o [1]
  .text              ro code  0x080029b4    0x28  data_init.o [5]
  .iar.init_table    const    0x080029dc    0x24  - Linker created -
  .text              ro code  0x08002a00    0x1c  stm32f1xx_it.o [1]
  .text              ro code  0x08002a1c    0x1a  cmain.o [5]
  .text              ro code  0x08002a36     0x4  low_level_init.o [3]
  .text              ro code  0x08002a3a     0x4  exit.o [3]
  .text              ro code  0x08002a40     0xa  cexit.o [5]
  .text              ro code  0x08002a4c    0x14  exit.o [6]
  .rodata            const    0x08002a60    0x10  stm32f1xx_hal_rcc.o [1]
  .rodata            const    0x08002a70    0x10  stm32f1xx_hal_rcc.o [1]
  .rodata            const    0x08002a80    0x10  system_stm32f1xx.o [1]
  .text              ro code  0x08002a90    0x10  startup_stm32f100xb.o [1]
  .text              ro code  0x08002aa0     0xc  cstartup_M.o [5]
  .rodata            const    0x08002aac     0x8  system_stm32f1xx.o [1]
  .text              ro code  0x08002ab4     0x4  startup_stm32f100xb.o [1]
  .text              ro code  0x08002ab8     0x4  startup_stm32f100xb.o [1]
  .text              ro code  0x08002abc     0x4  startup_stm32f100xb.o [1]
  .text              ro code  0x08002ac0     0x4  startup_stm32f100xb.o [1]
  .text              ro code  0x08002ac4     0x4  startup_stm32f100xb.o [1]
  .text              ro code  0x08002ac8     0x4  startup_stm32f100xb.o [1]
  .text              ro code  0x08002acc     0x4  startup_stm32f100xb.o [1]
  .text              ro code  0x08002ad0     0x4  startup_stm32f100xb.o [1]
  .text              ro code  0x08002ad4     0x4  startup_stm32f100xb.o [1]
  .text              ro code  0x08002ad8     0x4  startup_stm32f100xb.o [1]
  .text              ro code  0x08002adc     0x4  startup_stm32f100xb.o [1]
  .text              ro code  0x08002ae0     0x4  startup_stm32f100xb.o [1]
  .text              ro code  0x08002ae4     0x4  startup_stm32f100xb.o [1]
  .text              ro code  0x08002ae8     0x4  startup_stm32f100xb.o [1]
  .text              ro code  0x08002aec     0x4  startup_stm32f100xb.o [1]
  .text              ro code  0x08002af0     0x4  startup_stm32f100xb.o [1]
  .text              ro code  0x08002af4     0x4  startup_stm32f100xb.o [1]
  .text              ro code  0x08002af8     0x4  startup_stm32f100xb.o [1]
  .text              ro code  0x08002afc     0x4  startup_stm32f100xb.o [1]
  .text              ro code  0x08002b00     0x4  startup_stm32f100xb.o [1]
  .text              ro code  0x08002b04     0x4  startup_stm32f100xb.o [1]
  .text              ro code  0x08002b08     0x4  startup_stm32f100xb.o [1]
  .text              ro code  0x08002b0c     0x4  startup_stm32f100xb.o [1]
  .text              ro code  0x08002b10     0x4  startup_stm32f100xb.o [1]
  .text              ro code  0x08002b14     0x4  startup_stm32f100xb.o [1]
  .text              ro code  0x08002b18     0x4  startup_stm32f100xb.o [1]
  .text              ro code  0x08002b1c     0x4  startup_stm32f100xb.o [1]
  .text              ro code  0x08002b20     0x4  startup_stm32f100xb.o [1]
  .text              ro code  0x08002b24     0x4  startup_stm32f100xb.o [1]
  .text              ro code  0x08002b28     0x4  startup_stm32f100xb.o [1]
  .text              ro code  0x08002b2c     0x4  startup_stm32f100xb.o [1]
  .text              ro code  0x08002b30     0x4  startup_stm32f100xb.o [1]
  .text              ro code  0x08002b34     0x4  startup_stm32f100xb.o [1]
  .text              ro code  0x08002b38     0x4  startup_stm32f100xb.o [1]
  .text              ro code  0x08002b3c     0x4  startup_stm32f100xb.o [1]
  .text              ro code  0x08002b40     0x4  startup_stm32f100xb.o [1]
  .text              ro code  0x08002b44     0x4  startup_stm32f100xb.o [1]
  .text              ro code  0x08002b48     0x4  startup_stm32f100xb.o [1]
  .text              ro code  0x08002b4c     0x4  startup_stm32f100xb.o [1]
  .text              ro code  0x08002b50     0x4  startup_stm32f100xb.o [1]
  .text              ro code  0x08002b54     0x4  startup_stm32f100xb.o [1]
  .rodata            const    0x08002b58     0x0  zero_init3.o [5]
  .rodata            const    0x08002b58     0x0  copy_init3.o [5]
  Initializer bytes  ro data  0x08002b58    0xb8  <for P2 s0>
                            - 0x08002c10  0x2af0

"P2":                                      0x5e0
  P2 s0                       0x20000000    0xb8  <Init block>
    .data            inited   0x20000000    0x54  main.o [1]
    .data            inited   0x20000054    0x54  main.o [1]
    .data            inited   0x200000a8     0x4  nrf24.o [1]
    .data            inited   0x200000ac     0x4  stm32f1xx_hal.o [1]
    .data            inited   0x200000b0     0x4  system_stm32f1xx.o [1]
    .data            inited   0x200000b4     0x1  stm32f1xx_hal.o [1]
  .bss               zero     0x200000b8    0x58  spi.o [1]
  .bss               zero     0x20000110    0x44  main.o [1]
  .bss               zero     0x20000154    0x40  usart.o [1]
  .bss               zero     0x20000194    0x30  main.o [1]
  .bss               zero     0x200001c4     0xc  main.o [1]
  .bss               zero     0x200001d0     0x4  main.o [1]
  .bss               zero     0x200001d4     0x4  stm32f1xx_hal.o [1]
  .bss               zero     0x200001d8     0x2  main.o [1]
  CSTACK                      0x200001e0   0x400  <Block>
    CSTACK           uninit   0x200001e0   0x400  <Block tail>
                            - 0x200005e0   0x5e0


*******************************************************************************
*** INIT TABLE
***

          Address     Size
          -------     ----
Zero (__iar_zero_init3)
    1 destination range, total size 0x122:
          0x200000b8  0x122

Copy (__iar_copy_init3)
    1 source range, total size 0xb8 (101% of destination):
          0x08002b58   0xb8
    1 destination range, total size 0xb5:
          0x20000000   0xb5



*******************************************************************************
*** MODULE SUMMARY
***

    Module                  ro code  ro data  rw data
    ------                  -------  -------  -------
C:\Users\Игорь\Documents\XCUBE\NRF24_TX\EWARM\NRF24\Obj: [1]
    gpio.o                      196
    main.o                      654      220      302
    nrf24.o                   1 008        7        4
    spi.o                       200       52       88
    startup_stm32f100xb.o       468
    stm32f1xx_hal.o             160        5        9
    stm32f1xx_hal_adc.o       1 198
    stm32f1xx_hal_adc_ex.o      240
    stm32f1xx_hal_cortex.o      306
    stm32f1xx_hal_dma.o         300
    stm32f1xx_hal_gpio.o        548
    stm32f1xx_hal_msp.o         284
    stm32f1xx_hal_rcc.o       1 656       32
    stm32f1xx_hal_rcc_ex.o      132
    stm32f1xx_hal_spi.o       1 152
    stm32f1xx_hal_spi_ex.o      126
    stm32f1xx_hal_uart.o        896
    stm32f1xx_it.o               28
    system_stm32f1xx.o          112       28        4
    usart.o                     176       52       64
    -------------------------------------------------
    Total:                    9 840      396      471

command line: [2]
    -------------------------------------------------
    Total:

dl7M_tlf.a: [3]
    exit.o                        4
    low_level_init.o              4
    -------------------------------------------------
    Total:                        8

m7M_tl.a: [4]
    DblAdd.o                    232
    DblSub.o                    364
    DblToI32.o                   76
    I32ToDbl.o                   44
    -------------------------------------------------
    Total:                      716

rt7M_tl.a: [5]
    ABImemcpy_unaligned.o        86
    cexit.o                      10
    cmain.o                      26
    copy_init3.o                 46
    cstartup_M.o                 12
    data_init.o                  40
    zero_init3.o                 34
    -------------------------------------------------
    Total:                      254

shb_l.a: [6]
    exit.o                       20
    -------------------------------------------------
    Total:                       20

    Gaps                          7
    Linker created                        39    1 024
-----------------------------------------------------
    Grand Total:             10 845      435    1 495


*******************************************************************************
*** ENTRY LIST
***

Entry                      Address   Size  Type      Object
-----                      -------   ----  ----      ------
?main                   0x08002a1d         Code  Gb  cmain.o [5]
ADC2Temp                0x0800219b   0x8c  Code  Gb  main.o [1]
ADC_ConversionStop_Disable
                        0x08001269   0x4a  Code  Gb  stm32f1xx_hal_adc.o [1]
ADC_DMAConvCplt         0x080012b5   0x4e  Code  Gb  stm32f1xx_hal_adc.o [1]
ADC_DMAError            0x08001311   0x1a  Code  Gb  stm32f1xx_hal_adc.o [1]
ADC_DMAHalfConvCplt     0x08001305    0xa  Code  Gb  stm32f1xx_hal_adc.o [1]
ADC_Enable              0x080011e1   0x6e  Code  Gb  stm32f1xx_hal_adc.o [1]
ADC_Val                 0x200001d0    0x4  Data  Gb  main.o [1]
AHBPrescTable           0x08002a80   0x10  Data  Gb  system_stm32f1xx.o [1]
APBPrescTable           0x08002aac    0x8  Data  Gb  system_stm32f1xx.o [1]
BusFault_Handler        0x08002a07    0x2  Code  Gb  stm32f1xx_it.o [1]
CSTACK$$Base            0x200001e0          --   Gb  - Linker created -
CSTACK$$Limit           0x200005e0          --   Gb  - Linker created -
DMA_SetConfig           0x08000e51   0x2c  Code  Lc  stm32f1xx_hal_dma.o [1]
DebugMon_Handler        0x08002a0d    0x2  Code  Gb  stm32f1xx_it.o [1]
DelayMicro              0x080017ad   0x2a  Code  Gb  nrf24.o [1]
HAL_ADCEx_Calibration_Start
                        0x080023e9   0xec  Code  Gb  stm32f1xx_hal_adc_ex.o [1]
HAL_ADC_ConfigChannel   0x08001099  0x148  Code  Gb  stm32f1xx_hal_adc.o [1]
HAL_ADC_ConvCpltCallback
                        0x08001093    0x2  Code  Wk  stm32f1xx_hal_adc.o [1]
HAL_ADC_ConvHalfCpltCallback
                        0x08001095    0x2  Code  Wk  stm32f1xx_hal_adc.o [1]
HAL_ADC_ErrorCallback   0x08001097    0x2  Code  Wk  stm32f1xx_hal_adc.o [1]
HAL_ADC_Init            0x08000e7d  0x136  Code  Gb  stm32f1xx_hal_adc.o [1]
HAL_ADC_MspInit         0x08000a99   0x7c  Code  Gb  stm32f1xx_hal_msp.o [1]
HAL_ADC_Start_DMA       0x08000fb3   0xe0  Code  Gb  stm32f1xx_hal_adc.o [1]
HAL_DMA_Init            0x08000d51   0x74  Code  Gb  stm32f1xx_hal_dma.o [1]
HAL_DMA_Start_IT        0x08000dc5   0x84  Code  Gb  stm32f1xx_hal_dma.o [1]
HAL_Delay               0x08000805   0x22  Code  Wk  stm32f1xx_hal.o [1]
HAL_GPIO_Init           0x08000b2d  0x1be  Code  Gb  stm32f1xx_hal_gpio.o [1]
HAL_GPIO_ReadPin        0x08000ceb   0x12  Code  Gb  stm32f1xx_hal_gpio.o [1]
HAL_GPIO_WritePin       0x08000cfd   0x14  Code  Gb  stm32f1xx_hal_gpio.o [1]
HAL_GetTick             0x080007ff    0x6  Code  Wk  stm32f1xx_hal.o [1]
HAL_IncTick             0x080007ef   0x10  Code  Wk  stm32f1xx_hal.o [1]
HAL_Init                0x08000799   0x16  Code  Gb  stm32f1xx_hal.o [1]
HAL_InitTick            0x080007af   0x40  Code  Wk  stm32f1xx_hal.o [1]
HAL_MspInit             0x08000a11   0x88  Code  Gb  stm32f1xx_hal_msp.o [1]
HAL_NVIC_SetPriority    0x08000979   0x26  Code  Gb  stm32f1xx_hal_cortex.o [1]
HAL_NVIC_SetPriorityGrouping
                        0x08000971    0x8  Code  Gb  stm32f1xx_hal_cortex.o [1]
HAL_RCCEx_GetPeriphCLKFreq
                        0x080026b9   0x74  Code  Gb  stm32f1xx_hal_rcc_ex.o [1]
HAL_RCC_ClockConfig     0x08000573  0x11e  Code  Gb  stm32f1xx_hal_rcc.o [1]
HAL_RCC_GetHCLKFreq     0x080006ff    0x6  Code  Gb  stm32f1xx_hal_rcc.o [1]
HAL_RCC_GetPCLK1Freq    0x08000705   0x16  Code  Gb  stm32f1xx_hal_rcc.o [1]
HAL_RCC_GetPCLK2Freq    0x0800071b   0x16  Code  Gb  stm32f1xx_hal_rcc.o [1]
HAL_RCC_GetSysClockFreq
                        0x08000691   0x6e  Code  Gb  stm32f1xx_hal_rcc.o [1]
HAL_RCC_OscConfig       0x08000121  0x452  Code  Gb  stm32f1xx_hal_rcc.o [1]
HAL_SPI_Init            0x08002639   0x7e  Code  Gb  stm32f1xx_hal_spi_ex.o [1]
HAL_SPI_MspInit         0x08002383   0x50  Code  Gb  spi.o [1]
HAL_SPI_Transmit        0x0800132d  0x1a2  Code  Gb  stm32f1xx_hal_spi.o [1]
HAL_SPI_TransmitReceive
                        0x080014cf  0x214  Code  Gb  stm32f1xx_hal_spi.o [1]
HAL_SYSTICK_CLKSourceConfig
                        0x080009a7   0x20  Code  Gb  stm32f1xx_hal_cortex.o [1]
HAL_SYSTICK_Callback    0x080009ed    0x2  Code  Wk  stm32f1xx_hal_cortex.o [1]
HAL_SYSTICK_Config      0x0800099f    0x8  Code  Gb  stm32f1xx_hal_cortex.o [1]
HAL_SYSTICK_IRQHandler  0x080009e5    0x8  Code  Gb  stm32f1xx_hal_cortex.o [1]
HAL_UART_Init           0x08001b9d   0x76  Code  Gb  stm32f1xx_hal_uart.o [1]
HAL_UART_MspInit        0x08001f65   0x54  Code  Gb  usart.o [1]
HardFault_Handler       0x08002a03    0x2  Code  Gb  stm32f1xx_it.o [1]
InTab                   0x20000000   0x54  Data  Gb  main.o [1]
MX_ADC1_Init            0x08002115   0x5c  Code  Lc  main.o [1]
MX_DMA_Init             0x080020df   0x36  Code  Lc  main.o [1]
MX_GPIO_Init            0x0800225d   0xc4  Code  Gb  gpio.o [1]
MX_SPI1_Init            0x08002321   0x62  Code  Gb  spi.o [1]
MX_USART1_UART_Init     0x08001f1d   0x48  Code  Gb  usart.o [1]
MemManage_Handler       0x08002a05    0x2  Code  Gb  stm32f1xx_it.o [1]
NMI_Handler             0x08002a01    0x2  Code  Gb  stm32f1xx_it.o [1]
NRF24L01_RX_Mode        0x080018e1   0x34  Code  Gb  nrf24.o [1]
NRF24L01_Send           0x080017d7   0xb4  Code  Gb  nrf24.o [1]
NRF24L01_TX_Mode        0x08001915   0x20  Code  Gb  nrf24.o [1]
NRF24_FlushRX           0x08001935   0x34  Code  Gb  nrf24.o [1]
NRF24_FlushTX           0x08001969   0x34  Code  Gb  nrf24.o [1]
NRF24_ReadReg           0x08001add   0x58  Code  Gb  nrf24.o [1]
NRF24_ToggleFeatures    0x080019eb   0x48  Code  Gb  nrf24.o [1]
NRF24_Transmit          0x0800188b   0x56  Code  Gb  nrf24.o [1]
NRF24_WriteReg          0x08001b35   0x42  Code  Gb  nrf24.o [1]
NRF24_Write_Buf         0x0800199d   0x4e  Code  Gb  nrf24.o [1]
NRF24_init              0x08001a33   0xaa  Code  Gb  nrf24.o [1]
NVIC_EncodePriority     0x08000905   0x3e  Code  Lc  stm32f1xx_hal_cortex.o [1]
NVIC_GetPriorityGrouping
                        0x080008d9    0xa  Code  Lc  stm32f1xx_hal_cortex.o [1]
NVIC_SetPriority        0x08001fcd   0x22  Code  Lc  main.o [1]
NVIC_SetPriority        0x080008e3   0x22  Code  Lc  stm32f1xx_hal_cortex.o [1]
NVIC_SetPriorityGrouping
                        0x080008bd   0x1c  Code  Lc  stm32f1xx_hal_cortex.o [1]
OutTab                  0x20000054   0x54  Data  Gb  main.o [1]
PendSV_Handler          0x08002a0f    0x2  Code  Gb  stm32f1xx_it.o [1]
RCC_Delay               0x08000731   0x24  Code  Lc  stm32f1xx_hal_rcc.o [1]
Region$$Table$$Base     0x080029dc          --   Gb  - Linker created -
Region$$Table$$Limit    0x08002a00          --   Gb  - Linker created -
SPI_CheckFlag_BSY       0x08001785   0x28  Code  Lc  stm32f1xx_hal_spi.o [1]
SPI_WaitFlagStateUntilTimeout
                        0x080016e3   0xa2  Code  Lc  stm32f1xx_hal_spi.o [1]
SVC_Handler             0x08002a0b    0x2  Code  Gb  stm32f1xx_it.o [1]
SysTick_Config          0x08000943   0x2e  Code  Lc  stm32f1xx_hal_cortex.o [1]
SysTick_Handler         0x08002a11    0xc  Code  Gb  stm32f1xx_it.o [1]
SystemClock_Config      0x0800205d   0x82  Code  Gb  main.o [1]
SystemCoreClock         0x200000b0    0x4  Data  Gb  system_stm32f1xx.o [1]
SystemInit              0x080028a9   0x54  Code  Gb  system_stm32f1xx.o [1]
TX_ADDRESS              0x200000a8    0x4  Data  Gb  nrf24.o [1]
UART_SetConfig          0x08001c13  0x2fe  Code  Lc  stm32f1xx_hal_uart.o [1]
UsageFault_Handler      0x08002a09    0x2  Code  Gb  stm32f1xx_it.o [1]
_Error_Handler          0x08002259    0x2  Code  Gb  main.o [1]
__aeabi_d2iz            0x080025ed         Code  Gb  DblToI32.o [4]
__aeabi_dadd            0x08002505         Code  Gb  DblAdd.o [4]
__aeabi_i2d             0x080024d9         Code  Gb  I32ToDbl.o [4]
__as_entries_start      0xffffffff          --   Gb  command line/config [2]
__as_table_start        0xffffffff          --   Gb  command line/config [2]
__cmain                 0x08002a1d         Code  Gb  cmain.o [5]
__exit                  0x08002a4d   0x14  Code  Gb  exit.o [6]
__iar_copy_init3        0x0800088f   0x2e  Code  Gb  copy_init3.o [5]
__iar_d2uiz             0x08002619         Code  Gb  DblToI32.o [4]
__iar_dadd              0x08002519         Code  Gb  DblAdd.o [4]
__iar_data_init3        0x080029b5   0x28  Code  Gb  data_init.o [5]
__iar_dsub              0x0800273d         Code  Gb  DblSub.o [4]
__iar_dsubStart         0x0800274f         Code  Gb  DblSub.o [4]
__iar_program_start     0x08002aa1         Code  Gb  cstartup_M.o [5]
__iar_ui2d              0x080024ed         Code  Gb  I32ToDbl.o [4]
__iar_unaligned___aeabi_memcpy4
                        0x08000839         Code  Gb  ABImemcpy_unaligned.o [5]
__iar_unaligned___aeabi_memcpy8
                        0x08000839         Code  Gb  ABImemcpy_unaligned.o [5]
__iar_zero_init3        0x080009ef   0x22  Code  Gb  zero_init3.o [5]
__low_level_init        0x08002a37    0x4  Code  Gb  low_level_init.o [3]
__vector_table          0x08000000         Data  Gb  startup_stm32f100xb.o [1]
_call_main              0x08002a29         Code  Gb  cmain.o [5]
_exit                   0x08002a41         Code  Gb  cexit.o [5]
_main                   0x08002a33         Code  Gb  cmain.o [5]
buf1                    0x200001c4    0xc  Data  Gb  main.o [1]
exit                    0x08002a3b    0x4  Code  Gb  exit.o [3]
get_temper              0x08002171   0x2a  Code  Gb  main.o [1]
hadc1                   0x20000194   0x30  Data  Gb  main.o [1]
hdma_adc1               0x20000110   0x44  Data  Gb  main.o [1]
hspi1                   0x200000b8   0x58  Data  Gb  spi.o [1]
huart1                  0x20000154   0x40  Data  Gb  usart.o [1]
main                    0x08001fef   0x6e  Code  Gb  main.o [1]
temper                  0x200001d8    0x2  Data  Gb  main.o [1]
uwTick                  0x200001d4    0x4  Data  Gb  stm32f1xx_hal.o [1]
uwTickFreq              0x200000b4    0x1  Data  Gb  stm32f1xx_hal.o [1]
uwTickPrio              0x200000ac    0x4  Data  Gb  stm32f1xx_hal.o [1]


[1] = C:\Users\Игорь\Documents\XCUBE\NRF24_TX\EWARM\NRF24\Obj
[2] = command line
[3] = dl7M_tlf.a
[4] = m7M_tl.a
[5] = rt7M_tl.a
[6] = shb_l.a

  10 845 bytes of readonly  code memory
     435 bytes of readonly  data memory
   1 495 bytes of readwrite data memory

Errors: none
Warnings: none
